[backblue.gif]
[fade.gif]
[index.html]
[fds.beone.net/vpn/images/AccessGateway.ico]
[fds.beone.net/vpn/index.html]
[fds.beone.net/vpn/js/rdx.js]
[fds.beone.net/vpn/login.js]
[fds.beone.net/vpn/js/views.js]
[fds.beone.net/vpn/js/gateway_login_view.js]
[fds.beone.net/vpn/js/gateway_login_form_view.js]
[fds.beone.net/vpn/resources.js]
[fds.beone.net/vpn/nsshare.js]
[fds.beone.net/vpn/js/rdx/core/css/fonts/citrix_sans/citrixsans_regular.eot]
[fds.beone.net/vpn/js/rdx/core/css/fonts/citrix_sans/citrixsans_regulard41d.eot]
[fds.beone.net/vpn/js/rdx/core/css/fonts/citrix_sans/citrixsans_regular.woff]
[fds.beone.net/vpn/js/rdx/core/css/fonts/citrix_sans/citrixsans_regular.ttf]
[fds.beone.net/vpn/js/rdx/core/css/fonts/citrix_sans/citrixsans_bold.eot]
[fds.beone.net/vpn/js/rdx/core/css/fonts/citrix_sans/citrixsans_boldd41d.eot]
[fds.beone.net/vpn/js/rdx/core/css/fonts/citrix_sans/citrixsans_bold.woff]
[fds.beone.net/vpn/js/rdx/core/css/fonts/citrix_sans/citrixsans_bold.ttf]
[fds.beone.net/vpn/js/rdx/core/css/fonts/citrix_sans/citrixsans_bolditalic.eot]
[fds.beone.net/vpn/js/rdx/core/css/fonts/citrix_sans/citrixsans_bolditalicd41d.eot]
[fds.beone.net/vpn/js/rdx/core/css/fonts/citrix_sans/citrixsans_bolditalic.woff]
[fds.beone.net/vpn/js/rdx/core/css/fonts/citrix_sans/citrixsans_bolditalic.ttf]
[fds.beone.net/vpn/js/rdx/core/css/fonts/citrix_sans/citrixsans_italic.eot]
[fds.beone.net/vpn/js/rdx/core/css/fonts/citrix_sans/citrixsans_italicd41d.eot]
[fds.beone.net/vpn/js/rdx/core/css/fonts/citrix_sans/citrixsans_italic.woff]
[fds.beone.net/vpn/js/rdx/core/css/fonts/citrix_sans/citrixsans_italic.ttf]
[fds.beone.net/vpn/js/rdx/core/css/fonts/citrix_sans/citrixsans_lightitalic.eot]
[fds.beone.net/vpn/js/rdx/core/css/fonts/citrix_sans/citrixsans_lightitalicd41d.eot]
[fds.beone.net/vpn/js/rdx/core/css/fonts/citrix_sans/citrixsans_lightitalic.woff]
[fds.beone.net/vpn/js/rdx/core/css/fonts/citrix_sans/citrixsans_lightitalic.ttf]
[fds.beone.net/vpn/js/rdx/core/css/fonts/citrix_sans/citrixsans_semibold.eot]
[fds.beone.net/vpn/js/rdx/core/css/fonts/citrix_sans/citrixsans_semiboldd41d.eot]
[fds.beone.net/vpn/js/rdx/core/css/fonts/citrix_sans/citrixsans_semibold.woff]
[fds.beone.net/vpn/js/rdx/core/css/fonts/citrix_sans/citrixsans_semibold.ttf]
[fds.beone.net/vpn/js/rdx/core/css/fonts/citrix_sans/citrixsans_semibolditalic.eot]
[fds.beone.net/vpn/js/rdx/core/css/fonts/citrix_sans/citrixsans_semibolditalicd41d.eot]
[fds.beone.net/vpn/js/rdx/core/css/fonts/citrix_sans/citrixsans_semibolditalic.woff]
[fds.beone.net/vpn/js/rdx/core/css/fonts/citrix_sans/citrixsans_semibolditalic.ttf]
[fds.beone.net/vpn/js/rdx/core/css/images/ui-bg_glass_75_e6e6e6_1x400.png]
[fds.beone.net/vpn/js/rdx/core/css/images/ui-bg_glass_65_ffffff_1x400.png]
[fds.beone.net/vpn/js/rdx/core/css/images/ui-bg_glass_55_fbf9ee_1x400.png]
[fds.beone.net/vpn/js/rdx/core/css/images/ui-icons_222222_256x240.png]
[fds.beone.net/vpn/js/rdx/core/css/images/ui-icons_888888_256x240.png]
[fds.beone.net/vpn/js/rdx/core/css/images/ui-icons_454545_256x240.png]
[fds.beone.net/vpn/js/rdx/core/css/images/ui-icons_cd0a0a_256x240.png]
[fds.beone.net/vpn/js/rdx/core/css/rdx.css]
[fds.beone.net/vpn/images/pop-up-bg.jpg]
[fds.beone.net/vpn/images/ctxHeader.gif]
[fds.beone.net/vpn/images/ctxHeader01ForTM.gif]
[fds.beone.net/vpn/images/caxton-unified-header-logo.png]
[fds.beone.net/vpn/images/NetScaler-AAA-logo-white-header.png]
[fds.beone.net/vpn/images/ctxHeader03.gif]
[fds.beone.net/vpn/images/carbonfibre_img_white_header.png]
[fds.beone.net/vpn/images/CitrixWatermark.gif]
[fds.beone.net/vpn/images/NavBarLink.gif]
[fds.beone.net/vpn/images/NavCurrentBarLink.gif]
[fds.beone.net/vpn/images/CenterBlueBkg.jpg]
[fds.beone.net/vpn/images/ProgressWindow.gif]
[fds.beone.net/vpn/images/ProgressWindow.png]
[fds.beone.net/vpn/images/TitleHeaderCarbon.gif]
[fds.beone.net/vpn/images/LoginButtonGlow.gif]
[fds.beone.net/vpn/images/LoginButtonRolloverGlow.gif]
[fds.beone.net/vpn/images/BlackButton.gif]
[fds.beone.net/vpn/images/BlackButtonRollover.gif]
[fds.beone.net/vpn/images/LoginIcon.gif]
[fds.beone.net/vpn/images/LoginIcon.png]
[fds.beone.net/vpn/images/LoginPaneCenterMidGlow.gif]
[fds.beone.net/vpn/images/LoginPaneTopLeftBorderGlow.gif]
[fds.beone.net/vpn/images/LoginPaneTopMidBorderGlow.gif]
[fds.beone.net/vpn/images/LoginPaneTopRightBorderGlow.gif]
[fds.beone.net/vpn/images/LoginPaneCenterLeftBorderGlow.gif]
[fds.beone.net/vpn/images/LoginPaneCenterRightBorderGlow.gif]
[fds.beone.net/vpn/images/LoginPaneFooterLeftBorderGlow.gif]
[fds.beone.net/vpn/images/LoginPaneFooterMidBorderGlow.gif]
[fds.beone.net/vpn/images/LoginPaneFooterRightBorderGlow.gif]
[fds.beone.net/vpn/images/LoginPaneCenterMidGlow.png]
[fds.beone.net/vpn/images/LoginPaneTopLeftBorderGlow.png]
[fds.beone.net/vpn/images/LoginPaneTopMidBorderGlow.png]
[fds.beone.net/vpn/images/LoginPaneTopRightBorderGlow.png]
[fds.beone.net/vpn/images/LoginPaneCenterLeftBorderGlow.png]
[fds.beone.net/vpn/images/LoginPaneCenterRightBorderGlow.png]
[fds.beone.net/vpn/images/LoginPaneFooterLeftBorderGlow.png]
[fds.beone.net/vpn/images/LoginPaneFooterMidBorderGlow.png]
[fds.beone.net/vpn/images/LoginPaneFooterRightBorderGlow.png]
[fds.beone.net/vpn/images/LoginCarbonFiberBgTop.gif]
[fds.beone.net/vpn/images/LoginCarbonFiberBgFooter.gif]
[fds.beone.net/vpn/images/Tick32.gif]
[fds.beone.net/vpn/images/Info32.gif]
[fds.beone.net/vpn/images/WarningAlert32.gif]
[fds.beone.net/vpn/images/error.png]
[fds.beone.net/vpn/images/GreyGradient.gif]
[fds.beone.net/vpn/images/FadeLine.gif]
[fds.beone.net/logon/themes/Default/css/base.css]
[fds.beone.net/vpn/images/LoginButtonGlow.png]
[fds.beone.net/vpn/images/LoginButtonRolloverGlow.png]
[fds.beone.net/vpn/images/carbonfibre_img.png]
[fds.beone.net/vpn/images/CitrixWatermark.png]
[fds.beone.net/logon/fonts/citrix-fonts.css]
[fds.beone.net/vpn/images/icon-VPN.png]
[fds.beone.net/vpn/media/o10.png]
[fds.beone.net/vpn/media/full-vpn-blue.png]
[fds.beone.net/vpn/media/cvpn-blue.png]
[fds.beone.net/logon/themes/Default/css/custom.html]
[fds.beone.net/vpn/media/ica-access-blue.png]
[fds.beone.net/vpn/media/down-arrow.png]
[fds.beone.net/vpn/js/rdx/core/css/fonts/citrix_sans/citrixsans_regular.svg]
[fds.beone.net/vpn/js/rdx/core/css/fonts/citrix_sans/citrixsans_bold.svg]
[fds.beone.net/vpn/js/rdx/core/css/fonts/citrix_sans/citrixsans_bolditalic.svg]
[fds.beone.net/vpn/js/rdx/core/css/fonts/citrix_sans/citrixsans_italic.svg]
[fds.beone.net/vpn/js/rdx/core/css/fonts/citrix_sans/citrixsans_light.html]
[fds.beone.net/vpn/js/rdx/core/css/fonts/citrix_sans/citrixsans_lightd41d.html]
[fds.beone.net/vpn/js/rdx/core/css/fonts/citrix_sans/citrixsans_light-2.html]
[fds.beone.net/vpn/js/rdx/core/css/fonts/citrix_sans/citrixsans_light-3.html]
[fds.beone.net/vpn/js/rdx/core/css/fonts/citrix_sans/citrixsans_light-4.html]
[fds.beone.net/vpn/js/rdx/core/css/fonts/citrix_sans/citrixsans_lightitalic.svg]
[fds.beone.net/vpn/js/rdx/core/css/fonts/citrix_sans/citrixsans_semibold.svg]
[fds.beone.net/vpn/js/rdx/core/css/fonts/citrix_sans/citrixsans_semibolditalic.svg]
[fds.beone.net/vpn/js/rdx/core/css/images/ui-bg_highlight-soft_75_cccccc_1x100.html]
[fds.beone.net/vpn/js/rdx/core/css/images/ui-bg_glass_75_dadada_1x400.html]
[fds.beone.net/vpn/js/rdx/core/css/images/ui-bg_glass_95_fef1ec_1x400.html]
[fds.beone.net/vpn/js/rdx/core/css/images/ui-icons_2e83ff_256x240.html]
[fds.beone.net/vpn/js/rdx/core/css/vline.html]
[fds.beone.net/vpn/js/rdx/core/css/icons.html]
[fds.beone.net/vpn/js/rdx/core/css/loading.html]
[fds.beone.net/vpn/images/TrailBackground.html]
[fds.beone.net/vpn/images/BulletArrow.html]
