[login.microsoftonline.com/common/oauth2/authorize02b8.html]
[backblue.gif]
[fade.gif]
[index.html]
[login.microsoftonline.com/common/oauth2/authorize02b8.html]
[login.microsoftonline.com/common/oauth2/POST.html]
[secure.aadcdn.microsoftonline-p.com/ests/2.1.7114.7/content/cdnbundles/converged.login.min.css]
[secure.aadcdn.microsoftonline-p.com/ests/2.1.7114.7/content/cdnbundles/convergedlogin_pcore.min.js]
[secure.aadcdn.microsoftonline-p.com/ests/2.1.7114.7/content/cdnbundles/convergedloginpaginatedstrings-en.min.js]
[login.microsoftonline.com/common/oauth2/Trident/index.html]
[login.microsoftonline.com/common/oauth2/Edge/index.html]
[login.microsoftonline.com/common/oauth2/{0}.html]
[login.microsoftonline.com/common/oauth2/{0}-small.html]
[login.microsoftonline.com/common/oauth2/{0}-2.html]
[login.microsoftonline.com/common/oauth2/ESTSSSO.cookie.html]
[login.microsoftonline.com/common/oauth2/TB.response.timeout.html]
[login.microsoftonline.com/common/oauth2/ESTSUSERLIST.cookie.html]
[login.microsoftonline.com/common/oauth2/msLaunchUri.success.html]
[login.microsoftonline.com/common/oauth2/msLaunchUri.failure.html]
