[login.microsoftonline.com/common/reprocess781b.html]
[backblue.gif]
[fade.gif]
[index.html]
[secure.aadcdn.microsoftonline-p.com/ests/2.1.7114.7/content/cdnbundles/converged.login.min.css]
[secure.aadcdn.microsoftonline-p.com/ests/2.1.7114.7/content/cdnbundles/convergedlogin_pcore.min.js]
[secure.aadcdn.microsoftonline-p.com/ests/2.1.7114.7/content/cdnbundles/convergedloginpaginatedstrings-en.min.js]
[login.microsoftonline.com/common/reprocess781b.html]
[login.microsoftonline.com/common/POST.html]
[secure.aadcdn.microsoftonline-p.com/ests/2.1.7114.7/content/cdnbundles/converged.login.min.css]
[secure.aadcdn.microsoftonline-p.com/ests/2.1.7114.7/content/cdnbundles/convergedlogin_pcore.min.js]
[secure.aadcdn.microsoftonline-p.com/ests/2.1.7114.7/content/cdnbundles/convergedloginpaginatedstrings-en.min.js]
[login.microsoftonline.com/common/Trident/index.html]
[login.microsoftonline.com/common/Edge/index.html]
[login.microsoftonline.com/common/{0}.html]
[login.microsoftonline.com/common/{0}-small.html]
[login.microsoftonline.com/common/{0}-2.html]
[login.microsoftonline.com/common/ESTSSSO.cookie.html]
[login.microsoftonline.com/common/TB.response.timeout.html]
[login.microsoftonline.com/common/ESTSUSERLIST.cookie.html]
[login.microsoftonline.com/common/msLaunchUri.success.html]
[login.microsoftonline.com/common/msLaunchUri.failure.html]
